
=== gates
  package_authority      exit=0
  run_discipline         exit=0
  storyboard_check       exit=0
  watchability           exit=0
  documentary_review     exit=0
  staging_check          exit=0
  flow_check             exit=0
  acoustic_alignment     exit=0
  music_sources          exit=0
  music_registry         exit=0
  ship_gate              exit=0
  music_package          exit=0
  super_evidence         exit=0
  validation_match       exit=0
  board_scale            exit=0
  floor_check            exit=0
  safe_area_check        exit=0
  feed_composite         exit=0
  bar_check              exit=0
  mutation_check         exit=0
  freshness_check        exit=0

=== publishing-disabled verification complete
No ledger, run artifact, commit, push, PR, merge, or feed write was attempted.
